[2026-04-25T03:09:07Z] === ENRICH ITERATION 1 START | repo=executablebooks/markdown-it-py sha=c62983f1 ===
[2026-04-25T03:09:07Z] [iter=1] PHASE START: enrich repo=executablebooks/markdown-it-py sha=c62983f1 runlog=/home/runner/work/forx/forx/storage/aggregate/lsp/logs/c62983f1-enrich-iter-001.log output=/home/runner/work/forx/forx/storage/aggregate/lsp/c62983f1554124391b47170180e6c62df4d476ca.nq.gz
[2026-04-25T03:09:26Z] [iter=1] Step 1: Loading AST into disk-backed store mem_mb=77 MB
[2026-04-25T03:09:29Z] [iter=1] AST store loaded triples=305259 load_secs=2 mem_mb=539 MB
[2026-04-25T03:09:29Z] [iter=1] Step 2: Finding LSP targets mem_mb=539 MB
[2026-04-25T03:09:29Z] [iter=1] LSP targets found call_sites=1413 imports=147 extends=11 implements=0 secs=0
[2026-04-25T03:09:29Z] [iter=1] Step 2.7: Building position index (one-shot, shared across resolvers) mem_mb=539 MB
[2026-04-25T03:09:31Z] [iter=1] Position index built positions=20963 nodes_with_types=27060 secs=2 mem_mb=539 MB
[2026-04-25T03:09:31Z] [iter=1] Step 3: Starting LSP resolution mem_mb=539 MB already_completed_types=[] already_completed_files=0
[2026-04-25T03:09:31Z] [iter=1] Resolving target type target_type=call_site count=1413
[2026-04-25T03:09:44Z] [iter=1] HEARTBEAT target_type=call_site elapsed_min=0.6 files_done=2 resolved=24 errors=97 current=markdown_it/rules_inline/emphasis.py
[2026-04-25T03:10:18Z] [iter=1] HEARTBEAT target_type=call_site elapsed_min=1.2 files_done=13 resolved=123 errors=376 current=tests/test_port/test_misc.py
[2026-04-25T03:10:48Z] [iter=1] HEARTBEAT target_type=call_site elapsed_min=1.7 files_done=32 resolved=223 errors=630 current=docs/conf.py
[2026-04-25T03:11:19Z] [iter=1] HEARTBEAT target_type=call_site elapsed_min=2.2 files_done=51 resolved=329 errors=880 current=markdown_it/rules_inline/newline.py
[2026-04-25T03:11:33Z] [iter=1] Target type resolved target_type=call_site resolved=377 errors=993 secs=122 mem_mb=539 MB
[2026-04-25T03:11:33Z] [iter=1] Resolving target type target_type=import_statement count=147
[2026-04-25T03:11:37Z] [iter=1] Target type resolved target_type=import_statement resolved=128 errors=0 secs=3 mem_mb=539 MB
[2026-04-25T03:11:37Z] [iter=1] Resolving target type target_type=extends_clause count=11
[2026-04-25T03:11:38Z] [iter=1] Target type resolved target_type=extends_clause resolved=11 errors=0 secs=1 mem_mb=539 MB
[2026-04-25T03:11:41Z] [iter=1] Step 5: Writing final enrichment file triples=15451
[2026-04-25T03:11:41Z] [iter=1] Enrichment file written path=/home/runner/work/forx/forx/storage/aggregate/lsp/c62983f1554124391b47170180e6c62df4d476ca.nq.gz size_kb=310
[2026-04-25T03:11:41Z] [iter=1] PHASE END: enrich elapsed_s=155 elapsed_min=2.6 total_triples=15451
